user_id,first_name,last_name,email,tel_number
1000000000000000,yuu,lab,springApi@yuulab.com,123-4567-8910